stm32g0xx_ll_bus.h:1000:22:LL_IOP_GRP1_EnableClock	8	static
main.c:92:6:delayMicroseconds	0	static
main.c:99:6:jump	8	static,ignoring_inline_asm
main.c:125:6:makeCrc	32	static
main.c:149:6:checkCrc	16	static
main.c:163:6:setReceive	32	static
main.c:171:6:setTransmit	0	static
main.c:386:6:serialreadChar	24	static
main.c:430:6:serialwriteChar	24	static
main.c:178:6:send_ACK	8	static
main.c:184:6:send_BAD_CMD_ACK	8	static
main.c:190:6:send_BAD_CRC_ACK	8	static
main.c:461:6:sendString	16	static
main.c:196:6:sendDeviceInfo	8	static
main.c:204:6:decodeInput	32	dynamic
main.c:471:6:recieveBuffer	24	static
main.c:546:6:SystemClock_Config	8	static
main.c:503:5:main	64	static
main.c:638:6:Error_Handler	0	static
